###############################################################################
#
# IAR ELF Linker V8.32.2.178/W32 for ARM                  01/Feb/2019  03:11:17
# Copyright 2007-2018 IAR Systems AB.
#
#    Output file  =  
#        G:\Electric\07. STM32\PROJECTS\IAR\stm32f030\i2c\Debug\Exe\i2c.out
#    Map file     =  
#        G:\Electric\07. STM32\PROJECTS\IAR\stm32f030\i2c\Debug\List\i2c.map
#    Command line =  
#        -f C:\Users\7272~1\AppData\Local\Temp\EW1C46.tmp ("G:\Electric\07.
#        STM32\PROJECTS\IAR\stm32f030\i2c\Debug\Obj\main.o" "G:\Electric\07.
#        STM32\PROJECTS\IAR\stm32f030\i2c\Debug\Obj\startup_stm32f0xx.o"
#        "G:\Electric\07.
#        STM32\PROJECTS\IAR\stm32f030\i2c\Debug\Obj\system_stm32f0xx.o"
#        --no_out_extension -o "G:\Electric\07.
#        STM32\PROJECTS\IAR\stm32f030\i2c\Debug\Exe\i2c.out" --redirect
#        _Printf=_PrintfFullNoMb --redirect _Scanf=_ScanfFullNoMb --map
#        "G:\Electric\07. STM32\PROJECTS\IAR\stm32f030\i2c\Debug\List\i2c.map"
#        --config "C:\Program Files (x86)\IAR Systems\Embedded Workbench
#        8.2\arm\config\linker\ST\stm32f030x4.icf" --semihosting --entry
#        __iar_program_start --vfe --text_out locale)
#
###############################################################################

*******************************************************************************
*** RUNTIME MODEL ATTRIBUTES
***

CppFlavor       = *
__SystemLibrary = DLib
__dlib_version  = 6


*******************************************************************************
*** HEAP SELECTION
***

The basic heap was selected because some modules are built with
size limitations (and not runtime checking), and --advanced_heap
was not specified.


*******************************************************************************
*** PLACEMENT SUMMARY
***

"A0":  place at 0x800'0000 { ro section .intvec };
"P1":  place in [from 0x800'0000 to 0x800'3fff] { ro };
define block CSTACK with size = 1K, alignment = 8 { };
define block HEAP with size = 1K, alignment = 8 { };
"P2":  place in [from 0x2000'0000 to 0x2000'0fff] {
          rw, block CSTACK, block HEAP };
initialize by copy { rw };

  Section            Kind         Address   Size  Object
  -------            ----         -------   ----  ------
"A0":                                       0xc0
  .intvec            ro code   0x800'0000   0xc0  startup_stm32f0xx.o [1]
                             - 0x800'00c0   0xc0

"P1":                                      0x563
  .text              ro code   0x800'00c0  0x192  main.o [1]
  .text              ro code   0x800'0252   0x7e  lz77_init_single.o [3]
  .text              ro code   0x800'02d0  0x124  system_stm32f0xx.o [1]
  .text              ro code   0x800'03f4   0x28  data_init.o [3]
  .iar.init_table    const     0x800'041c   0x10  - Linker created -
  .text              ro code   0x800'042c   0x1e  cmain.o [3]
  .text              ro code   0x800'044a    0x4  low_level_init.o [2]
  .text              ro code   0x800'044e    0x8  exit.o [2]
  .text              ro code   0x800'0456    0x2  startup_stm32f0xx.o [1]
  .text              ro code   0x800'0458    0xa  cexit.o [3]
  .text              ro code   0x800'0462    0x2  startup_stm32f0xx.o [1]
  .text              ro code   0x800'0464   0x14  exit.o [4]
  .text              ro code   0x800'0478   0x10  startup_stm32f0xx.o [1]
  .text              ro code   0x800'0488    0xc  cstartup_M.o [3]
  .text              ro code   0x800'0494    0x2  startup_stm32f0xx.o [1]
  .text              ro code   0x800'0496    0x2  startup_stm32f0xx.o [1]
  .text              ro code   0x800'0498    0x2  startup_stm32f0xx.o [1]
  .text              ro code   0x800'049a    0x2  startup_stm32f0xx.o [1]
  .text              ro code   0x800'049c    0x2  startup_stm32f0xx.o [1]
  .text              ro code   0x800'049e    0x2  startup_stm32f0xx.o [1]
  .text              ro code   0x800'04a0    0x2  startup_stm32f0xx.o [1]
  .text              ro code   0x800'04a2    0x2  startup_stm32f0xx.o [1]
  .text              ro code   0x800'04a4    0x2  startup_stm32f0xx.o [1]
  .text              ro code   0x800'04a6    0x2  startup_stm32f0xx.o [1]
  .text              ro code   0x800'04a8    0x2  startup_stm32f0xx.o [1]
  .text              ro code   0x800'04aa    0x2  startup_stm32f0xx.o [1]
  .text              ro code   0x800'04ac    0x2  startup_stm32f0xx.o [1]
  .text              ro code   0x800'04ae    0x2  startup_stm32f0xx.o [1]
  .text              ro code   0x800'04b0    0x2  startup_stm32f0xx.o [1]
  .text              ro code   0x800'04b2    0x2  startup_stm32f0xx.o [1]
  .text              ro code   0x800'04b4    0x2  startup_stm32f0xx.o [1]
  .text              ro code   0x800'04b6    0x2  startup_stm32f0xx.o [1]
  .text              ro code   0x800'04b8    0x2  startup_stm32f0xx.o [1]
  .text              ro code   0x800'04ba    0x2  startup_stm32f0xx.o [1]
  .text              ro code   0x800'04bc    0x2  startup_stm32f0xx.o [1]
  .text              ro code   0x800'04be    0x2  startup_stm32f0xx.o [1]
  .text              ro code   0x800'04c0    0x2  startup_stm32f0xx.o [1]
  .text              ro code   0x800'04c2    0x2  startup_stm32f0xx.o [1]
  .text              ro code   0x800'04c4    0x2  startup_stm32f0xx.o [1]
  .text              ro code   0x800'04c6    0x2  startup_stm32f0xx.o [1]
  .text              ro code   0x800'04c8    0x2  startup_stm32f0xx.o [1]
  .text              ro code   0x800'04ca    0x2  startup_stm32f0xx.o [1]
  .text              ro code   0x800'04cc    0x2  startup_stm32f0xx.o [1]
  .text              ro code   0x800'04ce    0x2  startup_stm32f0xx.o [1]
  .rodata            const     0x800'04d0    0x0  lz77_init_single.o [3]
  Initializer bytes  const     0x800'04d0  0x153  <for P2-1>
                             - 0x800'0623  0x563

"P2", part 1 of 2:                         0x41c
  P2-1                        0x2000'0000  0x41c  <Init block>
    .data            inited   0x2000'0000   0x1c  main.o [1]
    .data            inited   0x2000'001c  0x400  main.o [1]
                            - 0x2000'041c  0x41c

"P2", part 2 of 2:                         0x400
  CSTACK                      0x2000'0420  0x400  <Block>
    CSTACK           uninit   0x2000'0420  0x400  <Block tail>
                            - 0x2000'0820  0x400

Unused ranges:

         From           To    Size
         ----           --    ----
   0x800'0623   0x800'3fff  0x39dd
  0x2000'041c  0x2000'041f     0x4
  0x2000'0820  0x2000'0fff   0x7e0


*******************************************************************************
*** INIT TABLE
***

          Address      Size
          -------      ----
Copy/lz77 (__iar_lz77_init_single3)
    1 source range, total size 0x153 (32% of destination):
           0x800'04d0  0x153
    1 destination range, total size 0x41c:
          0x2000'0000  0x41c



*******************************************************************************
*** MODULE SUMMARY
***

    Module               ro code  ro data  rw data
    ------               -------  -------  -------
command line/config:
    ----------------------------------------------
    Total:

G:\Electric\07. STM32\PROJECTS\IAR\stm32f030\i2c\Debug\Obj: [1]
    main.o                   402      339    1 052
    startup_stm32f0xx.o      272
    system_stm32f0xx.o       292
    ----------------------------------------------
    Total:                   966      339    1 052

dl6M_tln.a: [2]
    exit.o                     8
    low_level_init.o           4
    ----------------------------------------------
    Total:                    12

rt6M_tl.a: [3]
    cexit.o                   10
    cmain.o                   30
    cstartup_M.o              12
    data_init.o               40
    lz77_init_single.o       126
    ----------------------------------------------
    Total:                   218

shb_l.a: [4]
    exit.o                    20
    ----------------------------------------------
    Total:                    20

    Linker created                     16    1 024
--------------------------------------------------
    Grand Total:           1 216      355    2 076


*******************************************************************************
*** ENTRY LIST
***

Entry                       Address   Size  Type      Object
-----                       -------   ----  ----      ------
.iar.init_table$$Base    0x800'041c          --   Gb  - Linker created -
.iar.init_table$$Limit   0x800'042c          --   Gb  - Linker created -
?main                    0x800'042d         Code  Gb  cmain.o [3]
CSTACK$$Base            0x2000'0420          --   Gb  - Linker created -
CSTACK$$Limit           0x2000'0820          --   Gb  - Linker created -
I2C1_IRQHandler          0x800'01db   0x2a  Code  Gb  main.o [1]
Region$$Table$$Base      0x800'041c          --   Gb  - Linker created -
Region$$Table$$Limit     0x800'042c          --   Gb  - Linker created -
SetSysClock              0x800'0329   0x98  Code  Lc  system_stm32f0xx.o [1]
SysTick_Handler          0x800'0251    0x2  Code  Gb  main.o [1]
SystemInit               0x800'02d1   0x58  Code  Gb  system_stm32f0xx.o [1]
__ICFEDIT_region_RAM_end__ {Abs}
                        0x2000'0fff         Data  Gb  <internal module>
__ICFEDIT_region_RAM_start__ {Abs}
                        0x2000'0000         Data  Gb  <internal module>
__NVIC_EnableIRQ         0x800'00c1   0x18  Code  Lc  main.o [1]
__cmain                  0x800'042d         Code  Gb  cmain.o [3]
__exit                   0x800'0465   0x14  Code  Gb  exit.o [4]
__iar_data_init3         0x800'03f5   0x28  Code  Gb  data_init.o [3]
__iar_lz77_init_single3
                         0x800'0253   0x7e  Code  Gb  lz77_init_single.o [3]
__iar_program_start      0x800'0489         Code  Gb  cstartup_M.o [3]
__low_level_init         0x800'044b    0x4  Code  Gb  low_level_init.o [2]
__vector_table           0x800'0000         Data  Gb  startup_stm32f0xx.o [1]
_call_main               0x800'0439         Code  Gb  cmain.o [3]
_exit                    0x800'0459         Code  Gb  cexit.o [3]
_main                    0x800'0447         Code  Gb  cmain.o [3]
arr_data                0x2000'001c  0x400  Data  Gb  main.o [1]
arr_init                0x2000'0000   0x1c  Data  Gb  main.o [1]
exit                     0x800'044f    0x8  Code  Gb  exit.o [2]
i2c_init                 0x800'0151   0x8a  Code  Gb  main.o [1]
main                     0x800'00d9   0x78  Code  Gb  main.o [1]


[1] = G:\Electric\07. STM32\PROJECTS\IAR\stm32f030\i2c\Debug\Obj
[2] = dl6M_tln.a
[3] = rt6M_tl.a
[4] = shb_l.a

  1 216 bytes of readonly  code memory
    355 bytes of readonly  data memory
  2 076 bytes of readwrite data memory

Errors: none
Warnings: none
