###############################################################################
#
# IAR ELF Linker V8.32.2.178/W32 for ARM                  06/Feb/2019  01:31:34
# Copyright 2007-2018 IAR Systems AB.
#
#    Output file  =  
#        G:\Electric\07. STM32\PROJECTS\IAR\stm32f030\i2c\Debug\Exe\i2c.out
#    Map file     =  
#        G:\Electric\07. STM32\PROJECTS\IAR\stm32f030\i2c\Debug\List\i2c.map
#    Command line =  
#        -f C:\Users\7272~1\AppData\Local\Temp\EW30E7.tmp ("G:\Electric\07.
#        STM32\PROJECTS\IAR\stm32f030\i2c\Debug\Obj\main.o" "G:\Electric\07.
#        STM32\PROJECTS\IAR\stm32f030\i2c\Debug\Obj\startup_stm32f0xx.o"
#        "G:\Electric\07.
#        STM32\PROJECTS\IAR\stm32f030\i2c\Debug\Obj\system_stm32f0xx.o"
#        --no_out_extension -o "G:\Electric\07.
#        STM32\PROJECTS\IAR\stm32f030\i2c\Debug\Exe\i2c.out" --redirect
#        _Printf=_PrintfFullNoMb --redirect _Scanf=_ScanfFullNoMb --map
#        "G:\Electric\07. STM32\PROJECTS\IAR\stm32f030\i2c\Debug\List\i2c.map"
#        --config "C:\Program Files (x86)\IAR Systems\Embedded Workbench
#        8.2\arm\config\linker\ST\stm32f030x4.icf" --semihosting --entry
#        __iar_program_start --vfe --text_out locale)
#
###############################################################################

*******************************************************************************
*** RUNTIME MODEL ATTRIBUTES
***

CppFlavor       = *
__SystemLibrary = DLib
__dlib_version  = 6


*******************************************************************************
*** HEAP SELECTION
***

The basic heap was selected because some modules are built with
size limitations (and not runtime checking), and --advanced_heap
was not specified.


*******************************************************************************
*** PLACEMENT SUMMARY
***

"A0":  place at 0x800'0000 { ro section .intvec };
"P1":  place in [from 0x800'0000 to 0x800'3fff] { ro };
define block CSTACK with size = 1K, alignment = 8 { };
define block HEAP with size = 1K, alignment = 8 { };
"P2":  place in [from 0x2000'0000 to 0x2000'0fff] {
          rw, block CSTACK, block HEAP };
initialize by copy { rw };

  Section            Kind         Address   Size  Object
  -------            ----         -------   ----  ------
"A0":                                       0xc0
  .intvec            ro code   0x800'0000   0xc0  startup_stm32f0xx.o [1]
                             - 0x800'00c0   0xc0

"P1":                                      0x727
  .text              ro code   0x800'00c0  0x308  main.o [1]
  .text              ro code   0x800'03c8  0x124  system_stm32f0xx.o [1]
  .text              ro code   0x800'04ec   0x3c  packbits_init_single.o [3]
  .text              ro code   0x800'0528   0x28  data_init.o [3]
  .iar.init_table    const     0x800'0550   0x10  - Linker created -
  .text              ro code   0x800'0560   0x1e  cmain.o [3]
  .text              ro code   0x800'057e    0x4  low_level_init.o [2]
  .text              ro code   0x800'0582    0x8  exit.o [2]
  .text              ro code   0x800'058a    0x2  startup_stm32f0xx.o [1]
  .text              ro code   0x800'058c    0xa  cexit.o [3]
  .text              ro code   0x800'0596    0x2  startup_stm32f0xx.o [1]
  .text              ro code   0x800'0598   0x14  exit.o [4]
  .text              ro code   0x800'05ac   0x10  startup_stm32f0xx.o [1]
  .text              ro code   0x800'05bc    0xc  cstartup_M.o [3]
  .rodata            const     0x800'05c8    0x8  main.o [1]
  .text              ro code   0x800'05d0    0x2  startup_stm32f0xx.o [1]
  .text              ro code   0x800'05d2    0x2  startup_stm32f0xx.o [1]
  .text              ro code   0x800'05d4    0x2  startup_stm32f0xx.o [1]
  .text              ro code   0x800'05d6    0x2  startup_stm32f0xx.o [1]
  .text              ro code   0x800'05d8    0x2  startup_stm32f0xx.o [1]
  .text              ro code   0x800'05da    0x2  startup_stm32f0xx.o [1]
  .text              ro code   0x800'05dc    0x2  startup_stm32f0xx.o [1]
  .text              ro code   0x800'05de    0x2  startup_stm32f0xx.o [1]
  .text              ro code   0x800'05e0    0x2  startup_stm32f0xx.o [1]
  .text              ro code   0x800'05e2    0x2  startup_stm32f0xx.o [1]
  .text              ro code   0x800'05e4    0x2  startup_stm32f0xx.o [1]
  .text              ro code   0x800'05e6    0x2  startup_stm32f0xx.o [1]
  .text              ro code   0x800'05e8    0x2  startup_stm32f0xx.o [1]
  .text              ro code   0x800'05ea    0x2  startup_stm32f0xx.o [1]
  .text              ro code   0x800'05ec    0x2  startup_stm32f0xx.o [1]
  .text              ro code   0x800'05ee    0x2  startup_stm32f0xx.o [1]
  .text              ro code   0x800'05f0    0x2  startup_stm32f0xx.o [1]
  .text              ro code   0x800'05f2    0x2  startup_stm32f0xx.o [1]
  .text              ro code   0x800'05f4    0x2  startup_stm32f0xx.o [1]
  .text              ro code   0x800'05f6    0x2  startup_stm32f0xx.o [1]
  .text              ro code   0x800'05f8    0x2  startup_stm32f0xx.o [1]
  .text              ro code   0x800'05fa    0x2  startup_stm32f0xx.o [1]
  .text              ro code   0x800'05fc    0x2  startup_stm32f0xx.o [1]
  .text              ro code   0x800'05fe    0x2  startup_stm32f0xx.o [1]
  .text              ro code   0x800'0600    0x2  startup_stm32f0xx.o [1]
  .text              ro code   0x800'0602    0x2  startup_stm32f0xx.o [1]
  .text              ro code   0x800'0604    0x2  startup_stm32f0xx.o [1]
  .text              ro code   0x800'0606    0x2  startup_stm32f0xx.o [1]
  .text              ro code   0x800'0608    0x2  startup_stm32f0xx.o [1]
  .text              ro code   0x800'060a    0x2  startup_stm32f0xx.o [1]
  .rodata            const     0x800'060c    0x0  packbits_init_single.o [3]
  Initializer bytes  const     0x800'060c  0x1db  <for P2-1>
                             - 0x800'07e7  0x727

"P2", part 1 of 2:                         0x43c
  P2-1                        0x2000'0000  0x43c  <Init block>
    .data            inited   0x2000'0000   0x1c  main.o [1]
    .data            inited   0x2000'001c   0x1c  main.o [1]
    .data            inited   0x2000'0038  0x400  main.o [1]
    .bss             inited   0x2000'0438    0x4  main.o [1]
                            - 0x2000'043c  0x43c

"P2", part 2 of 2:                         0x400
  CSTACK                      0x2000'0440  0x400  <Block>
    CSTACK           uninit   0x2000'0440  0x400  <Block tail>
                            - 0x2000'0840  0x400

Unused ranges:

         From           To    Size
         ----           --    ----
   0x800'07e7   0x800'3fff  0x3819
  0x2000'043c  0x2000'043f     0x4
  0x2000'0840  0x2000'0fff   0x7c0


*******************************************************************************
*** INIT TABLE
***

          Address      Size
          -------      ----
Copy/packbits (__iar_packbits_init_single3)
    1 source range, total size 0x1db (43% of destination):
           0x800'060c  0x1db
    1 destination range, total size 0x43c:
          0x2000'0000  0x43c



*******************************************************************************
*** MODULE SUMMARY
***

    Module                  ro code  ro data  rw data
    ------                  -------  -------  -------
command line/config:
    -------------------------------------------------
    Total:

G:\Electric\07. STM32\PROJECTS\IAR\stm32f030\i2c\Debug\Obj: [1]
    main.o                      776      483    1 084
    startup_stm32f0xx.o         272
    system_stm32f0xx.o          292
    -------------------------------------------------
    Total:                    1 340      483    1 084

dl6M_tln.a: [2]
    exit.o                        8
    low_level_init.o              4
    -------------------------------------------------
    Total:                       12

rt6M_tl.a: [3]
    cexit.o                      10
    cmain.o                      30
    cstartup_M.o                 12
    data_init.o                  40
    packbits_init_single.o       60
    -------------------------------------------------
    Total:                      152

shb_l.a: [4]
    exit.o                       20
    -------------------------------------------------
    Total:                       20

    Linker created                        16    1 024
-----------------------------------------------------
    Grand Total:              1 524      499    2 108


*******************************************************************************
*** ENTRY LIST
***

Entry                       Address   Size  Type      Object
-----                       -------   ----  ----      ------
.iar.init_table$$Base    0x800'0550          --   Gb  - Linker created -
.iar.init_table$$Limit   0x800'0560          --   Gb  - Linker created -
?main                    0x800'0561         Code  Gb  cmain.o [3]
CSTACK$$Base            0x2000'0440          --   Gb  - Linker created -
CSTACK$$Limit           0x2000'0840          --   Gb  - Linker created -
I2C1_IRQHandler          0x800'0327   0x2a  Code  Gb  main.o [1]
Region$$Table$$Base      0x800'0550          --   Gb  - Linker created -
Region$$Table$$Limit     0x800'0560          --   Gb  - Linker created -
SetSysClock              0x800'0421   0x98  Code  Lc  system_stm32f0xx.o [1]
SysTick_Config           0x800'0163   0x30  Code  Lc  main.o [1]
SysTick_Handler          0x800'0351    0xc  Code  Gb  main.o [1]
SystemInit               0x800'03c9   0x58  Code  Gb  system_stm32f0xx.o [1]
__ICFEDIT_region_RAM_end__ {Abs}
                        0x2000'0fff         Data  Gb  <internal module>
__ICFEDIT_region_RAM_start__ {Abs}
                        0x2000'0000         Data  Gb  <internal module>
__NVIC_EnableIRQ         0x800'00c1   0x18  Code  Lc  main.o [1]
__NVIC_SetPriority       0x800'00d9   0x8a  Code  Lc  main.o [1]
__cmain                  0x800'0561         Code  Gb  cmain.o [3]
__exit                   0x800'0599   0x14  Code  Gb  exit.o [4]
__iar_data_init3         0x800'0529   0x28  Code  Gb  data_init.o [3]
__iar_packbits_init_single3
                         0x800'04ed   0x3c  Code  Gb  packbits_init_single.o [3]
__iar_program_start      0x800'05bd         Code  Gb  cstartup_M.o [3]
__low_level_init         0x800'057f    0x4  Code  Gb  low_level_init.o [2]
__vector_table           0x800'0000         Data  Gb  startup_stm32f0xx.o [1]
_call_main               0x800'056d         Code  Gb  cmain.o [3]
_exit                    0x800'058d         Code  Gb  cexit.o [3]
_main                    0x800'057b         Code  Gb  cmain.o [3]
arr_data                0x2000'0038  0x400  Data  Gb  main.o [1]
arr_init                0x2000'001c   0x1c  Data  Gb  main.o [1]
arr_reset               0x2000'0000   0x1c  Data  Gb  main.o [1]
exit                     0x800'0583    0x8  Code  Gb  exit.o [2]
i2c_init                 0x800'029d   0x8a  Code  Gb  main.o [1]
lcd_on                  0x2000'0438    0x4  Data  Gb  main.o [1]
main                     0x800'0193  0x10a  Code  Gb  main.o [1]


[1] = G:\Electric\07. STM32\PROJECTS\IAR\stm32f030\i2c\Debug\Obj
[2] = dl6M_tln.a
[3] = rt6M_tl.a
[4] = shb_l.a

  1 524 bytes of readonly  code memory
    499 bytes of readonly  data memory
  2 108 bytes of readwrite data memory

Errors: none
Warnings: none
